acogeo
alliccito
apparelmaster
askin
backstagecrew
bacs
bakewel
barclays
bonne
bouche
tue
wed
bradwell
brecon
camonation
carriageocost
centre
cerdsy
chartflex
cheaues
choc
coloured
coodeerneet
craaaziest
cresson
crivelo
cust
customised
darlaston
dateffax
desecipoon
edimptx
erpfrairue
fakenham
felixstowe
ffrwdgfegh
filo
forliviv
fryit
gakden
gardman
gmhbc
goocfs
goole
goytre
gwent
hazlennt
holcroft
httpliwww
humberside
ifriday
iiithank
indo
indofd
ipswich
irookereoronloorr
irriviod
jacribrobby
jilint
johnsons
korrecot
lecc
lelephonin
mccaw
mdced
meijer
neer
nett
oevab
oreeimsly
ortler
orton
ount
pasjiesah
pembs
penwern
peornseni
poundworld
ppxe
proformanumber
qaudity
ratiss
refoonce
regprice
replvcemnt
resprice
riiieliverto
roed
roskill
rpicliesal
rydg
santander
sfwy
southgate
sram
tele
telept
telffax
thanics
tiieonechocolate
toer
trans
treforest
ttem
unetotal
unloa
unrr
vveles
wednesbury
woodbridge
wrtllma
zsdinoevir
search_word
subscription
lelephonin
desgaption
desalption
descrlpdon
deseripuon
sfabttotal
descriati9b
difference
gescrinplion
conference
deosiption
descdplion
teleetione
restriction
convenience
oescript1oh
ddectiption
cordetence
oosoription
iesciptiot
descripticti
dfsciuption
descrip110n
gmcription
oesaiption
ueeciiption
coatbridge
daeription
doacriptlon
desotption
descriptlee
reversencn
differently
desooption
ztsecription
oescruptioi
descripii0m
leleprione
INPUT
mat
ind
goode
emayl
tey
invoke
net
any
3at
anc
unet
subscription
accoun
tea
lelephonin
pate
uni
rode
est
irate
cinvoice
ii1voice
invoice!
around
dlacount
land
next
nvett
'invoice
quality
receipt
tee
retail
ted
rte
eny
ens
env
oat
ond
mvoice
unt
mount
cat
rep
project
hand
totals
ann
oty
accoont
produce
taw
rrh
dato
cartridge
rbp
goons
ovoice
del
units
sat
descripuon
ta6
pricer
toral
escription
products
e-mayl
tele
mode
rice
total-
amoult
dae
desaiption
vac
bst
max
invotoe
quantil
dave
iprice
1st
foods
pnone
ccde
proodct
descripdon
daje
df-scription
tat
rax
weight
tc'tal
praice
van
phone-
phore
amout
phonc
rhone
desgaption
rra
ent
ta3
crosse
va1
cate
ght
cod
val
amovni
ervice
cods
rqty
ana
rite
yat
cod!
tet
cede
rote
amunt
pax
dats
codex
dale
rry
rat
gooos
enc
taa
invite
ane
_el
unite
core
kcounts
rnerence
rekrence
rre
kate
inscription
send
descriptio
nat
tai
late
metals
te3
rata
ineight
grp
descnption
arnount
carfriage
tojal
tota4
eng
rats
goocfs
prince
tar
ant
tap
aocount
acouunt
nit
inscice
rip
tad
invcice
dte
lrvoice
unii
accoimt
untt
ross
flight
invoic
erd
sand
datais
tst
dethils
aid
idescription
csode
co0e
daseription
vat'
goulds
te0
tal
linvoice
cty
subtots1
var
aty
!invoice
involve
vet
vel
ten
vatg
gate
rates
orp
data
droauct
codes
plsone
nate
desalption
mbile
eat
mooile
motile
oate
cemall
add
eel
dat7
anrice
tgl
tota
dater
descrlpdon
dates
fao
ouantity
amoull
trice
deserlption
quandty
tag
account'
tul
involce
2nd
deseripuon
tek
invoico
rath
cross
quantlt
descriptbn
coda
quantify
vit
band
woods
vatable
rated
tctall
ost
invoiced
far
kett
grose
amounts
fix
invoices
fan
gel
pat
ends
ouantily
rivoice
sfabttotal
date!
cod_
totat
descriati9b
totai
sob-total
teuephonc
pmount
ened
difference
4st
en7
4el
en1
mate
tac
daie
valable
vas
subintal
price!
lel
9at
ust
trx
accoint
totel
ode
good
va'
v4t
gftoss
discounts
gmt
gett
e-mall
rvat
date'
accour
vai
nvoice
rap
sate
recalpt
lst
wedstte
ano
date-
oode
dotal
tas
gescrinplion
iphone
get
re'rence
'el
rae
dante
wel
bel
dame
dat3
til
te_
fae
untit
dat
kel
ate
tol
'code
quanthy
'goods
detail
tctal
qtv
rel
qtu
taxi
hat
orate
adrounts
irmand
deacription
detailed
vatl
ett
cove
otal
te7
mobie
descripticin
wcbsite
descripfion
iroland
irelands
jescription
dute
references
fam
websito
telt
aocounts
conference
hoods
rate'
nept
gust
'total
feeephone
imoice
bode
!nvoiced
accoum
accotmt
accotmts
deosiption
aaount
emilil
ensail
nst
ist
tptal
tqtal
vend
carnage
totaj
ank
quantay
code-
tej
ta2
accouni
netg
wat
descripnon
bate
kscription
teal
invorce
enid
'at
tay
cote
faf
accomt
acoaunt
tell
0ate
tex
rate-
bat
ans
1date
teo
postal
ter
oel
btotal
across
ireland'
prices
prizes
wand
inland
accourt
dote
canoga
wax
nel
dexription
fat
vav
poducts
payable'
xcount
reforence
aoccont
invoiou
priile
fag
0at
'vat
tao
unlit
tam
cetails
atd
an2
invoice-
invoim
mtails
phoebe
taxable
acrount
race
invoicee
primed
tcl
qst
vst
acount
quantqy
anoint
detahs
vah
duails
nent
vat1
uat
4at
ard
jat
tae
r9p
portal
s1voice
gest
an'
mobil
motule
qtrantity
amountf
eld
modiie
modile
amount'
iinvoice
accour4
fgx
tehphone
descdption
deails
tem
und
qry
rri
tolal
detaiis
preced
tothl
itotal
invace
netz
rr1
unrt
auount
qly
payabk
descriptkin
prp
detaits
raae
invoios
dty
telephone'
rare
tak
gsm
descripton
fak
a0d
co6e
unith
descriplion
invoioe
accoant
desorption
ptione
telepbone
sty
ety
rand
cone
sod-total
f2x
amonnt
protect
!description
#NAME?
nntt
phoenk
v0at
_at
deacriptioa
rend
receipts
faq
irelood
fox
proact
reland
tan
fotal
grass
netts
6el
priaee
coke
eoods
descdplion
invoicr
va7t
invcace
invwce
rinite
sabtotal
dare
taxa
iotal
desception
ievoice
sevoice
unity
'elephone
mojule
descriptioa
referenus
iproduct
scounts
rproduct
dite
quamity
aecounte
tate
roods
amoun
aiaount
anount
ratg
aate
hone
telephont
crate
cole
patable
telaphono
invdce
frax
savable
code3
!account
pand
disconn
invade
tetal
involee
sayable
amourit
ccount
canrna
paatridge
details!
amourn
net1
rete
invoce
cade
totale
vat-
deference
portman
height
erpland
niount
renfipt
detaila
protec
involco
carrlago
projecti
produced
zipnods
thorne
websita
raie
#NAME?
websile
teleetione
accojnt
ands
#NAME?
prize
tflephonc
hccount
detain
recipi
'uantity
vati
dated
carada
cose
manama
descriptiml
restriction
poyable
pride
aroducts
webslte
weigt
tasable
invoice'
1description
ouantty
amourd
inv'ce
camount
neti
'round
preference
dascription
invciice
'description
iquantity
'acc'unt
weights
productt
invoiow
daee
upnit
discoonts
cfde
netto
tetephone
iceland
princes
lotal
convenience
recent
invoi'ce
subtota
emayls
totil
codo
edetails
atnount
oescript1oh
accoup1t
unil
de'ta1ls
wate
quttity
produc
demils
porter
wright
goocs
toial
priced
faxe
codei
ddectiption
arount
prlced
pricec
prisep
e-marl
'telephone
wekite
rale
farx
wfoods
dace
splice
andy
totol
n4tt
accoost
ratable
moods
quantky
s0btotal
decals
gloss
dscount
code'
andt
ampuot
payane
4ubtotal
mivoice
itivoice
cooe
proleci
ounit
prcduct
proket
guanttty
invote
prunes
grossa
emobile
total5
referents
wecelpt
fate
etnail
ernail
pric
come
brides
slight
ubit
6date
reoeipt
discont
subtothl
rake
datv
vatm
irvoice
trotal
rabe
subtotai
qualify
rage
wobsitc
dascriptien
dati
gocds
accouot
invgice
andq
sub7otal
yright
rat2e
ineoice
ffight
invoiee
invoicil
'produce
mental
producer
aind
subtetal
vast
wvat
weight'
teli
1nvoicf
insoice
imroice
amount2
inwice
descriptioir
prodort
pamada
telephony
websfte
paypable
paygable
metres
paybable
coce
detals
unit7
idvoice
conferences
ueight
goody
doscription
co4e
cordetence
subtmal
fdescription
'rate
insoire
oosoription
accounl
itwoice
atovnd
paoduct
ppoduct
de5crption
invat'
descrwtion
invone
'date
prilcr
totaka
rnvoice
discounl
prioe
invgce
acczunt
'taxable
invzce
emall
recept
azcount
nytt
bend
!neland
accodunt
vatn
receipl
receidt
dencription
recelpt
involc
seizes
rtate
yotal
involcee
alress
island
robile
tional
mobley
etotal
ierland
referentie
referent
referente
subtotaal
totaat
inpute
nvuice
derails
ccode
rase
qualiy
gnit
besciption
iesciptiot
invrxce
gootts
tend
detaih
paymed
invoco
halada
rame
rate!
vats
eight
'dotal
irwice
cescription
uait
noreal
acoont
goss
entail
vatt
2otal
disccont
goads
trate
debils
otax
lnit
vath
sueitotal
aand
descripticti
prouuct
'unit
prodect
descripticoi
invoter
unita
scount
descrption
banana
grourd
weicht
iscounti
dfsciuption
cody
growls
grohs
bross
annunt
tota_1
brice
gods
oescription
vett
total_
atount
go3ds
blount
rotal
prce
toiephone
ttal
produpt
amciunt
dscounts
gast
tdtal
va't
vrat
sett
tot4l
quantitt
nets
thtal
!rice
tttal
'quantity
qoods
rate4
amouot
rett
descripbon
amcwnt
inveke
weght
invome
accoums
detads
producis
substoiption
subsctiption
petal's
laccount
descrip110n
quantdy
frice
uni0
quantoy
lnet
onit
avat
goofs
disosunt
nornal
gmcription
ihount
discoset
irivoice
aroont
inmate
rcte
disoount
dete
unfit
dste
netr
0e1ails
subscriptions
occoont
talephone
lend
amouni
detaile
discaint
accants
qoastity
dage
privet
leferenle
attount
'hone
errail
accbun
receip1
e-nail
evat
dkcount
ererence
caniage
reciept
quaintiry
cross'
oesaiption
diaount
invoici
detais
desctiption
referenee
ffax
emoil
ouantnty
goaodg
totali
tel'
thlephone
mountc
ratc
codc
einail
yaccount
acc'unt
irwoice
invoicei
neat
outsmnding
elephone
irem
police
precept
paymennt
ptsone
emarl
australjan
ueeciiption
accoms
knight
breach
subbolal
france
montant
commend
fights
nmnber
iniviee
cyst
sutmary
relerence
aseount
ninber
zervice
summe!y
idelivery
dtscount
nest
velue
an'unt
bill'
moble
summar
inroice
'tem
credtts
sood
relail
taiephone
goodis
carria
finvoice
unit5
payabie
notc
price'
pelail
sitc
accoeun
refused
ltstomer
acnount
goods!
custcmer
unig
taxpolnt
dase
!lumber
limber
total'
atcouni
detalle
chasse
coniect
condect
delfvery
con6ect
ihvoice
d'ate
ebill
nect
summery
confect
accouht
amount7
con1ect
conect
nirber
comect
conwect
codb
invoic13
subscripiion
fres
irvine
strang
docufient
tevoice
carrick
coatbridge
un1t
ocntact
ccntact
'item
invoi44
jnvoice
produ2ct
totaj-
iamount
ordred
ithite
docile
rave
nvmber
coso
'ilivery
totalei
arder
numbee
aceount
telephcne
_date
birder
ouantfty
delivehy
dormer
nold
vate
valves
lett
emil
enit
numcer
acodunt
lnvoce
number'
phono
arourd
priors
customei
descriptan
paymcnts
cosh
arcouni
fligh
payme'
bille
contae
comract
datc
cunit
balanc
'rice
detalls
daeription
sits
alance
dexeription
inveiee
rafe
doacriptlon
invoica
kumeer
ccustomer
humbert
invoie
#NAME?
ereceipt
value-
canada'
crmfit
prints
proeuet
bright
accounta
host
ninvoice
involte
nutt
srte
amount6
relive
njmber
otder
prodoet
valuer
coded
descr1ption
acoount
todephone
desotption
descriptlon
copt
costa
inc1
recoipt
totlay
nelt
siblotal
feceipt
rater
emscription
payaole
unut
crecia
invoicf
sobtotal
behance
purcnase
pfice
putchase
cout
surrmary
cmargss
surnmary
chanie
payvents
terder
diate
chaigea
#NAME?
dervery
inviore
numter
ddiver
orter
'ate
univ
accowt
docurnent
numbsr
invmce
notl
grois
descriptlee
jnit
#NAME?
deliveme
nott
vote
rojund
phon
servico
rato
orcer
nrice
devices
chadges
aecount
good5
netv
idetails
nome
priee
pelivery
btvoice
cliarge
ainount
ordcrs
wvoice
antount
dejivery
hivoice
aniount
dnte
datm
totul
nnyment
quantily
accodnt
fite
mottle
nrriage
firtal
accoui4
ordet
nole
j3etails
reference'
ouantlty
addross
confoct
crecit
reversencn
7ode
cope
differently
unvoiced
cosomer
deecription
account-
conuct
dascriptlion
eference
pescription
websde
protecti
ineference
paymerit
balanoo
tcount
delyer
tmarge
tncluding
tite
lredit
commence
chorges
accourd
fteference
subscriblion
quanbty
tenphone
braight
changos
rnte
chirnes
unitt
mobiles
accost
acmunt
crediu
trmosaction
credka
sebtotal
thanes
cubtomer
quanti1
desooption
quantiw
gros_
freder
iiem
chan8e
!ill
ztsecription
paymeni
idate
castoper
'ransattion
terght
stslion
accolnt
numer
huober
guess
telephon!
alarges
telephohf
prico_
raceipt
vode
to1al
rocoipt
arrier
alue
arrots
tofal
ultimate
chanse
recuipt
cod-
noti
#NAME?
sueets
nost
oiscounts
ince
sub-tgial
molder
iate
noted
oescruptioi
descriptim
sub-totai
cpange
detai1s
carfuer
'purchase
#NAME?
1ncl
customrr
currently
tees
suototal
tode
rumber
deilvery
ilem
tialance
pirchase
raiment
numberl
orcler
prico
servces
tctals
newt
pricf
slbtotal
foes
pri2e
pffchase
nebsite
statepent
deuription
diarges
nctt
cont'cl
carder
documen
ponder
_item
pjrchase
purchasso
comber
trant
titial
rumbar
mooiie
sibtotal
cnange
receipj
googs
carner
sopment
mobile0
nmobile
arour1
descripii0m
bala6c1
nucber
uate
descrip1ion
aeount
ustoner
sumeary
ascription
lumber
hate
moblle
obile
argunt
tjansection
lustoner
discoulit
nutber
telenhone
sunmary
leleprione
urmary
chan6e
suiimary
nvnber
mothle
hunber
sonmary
accant
tronsaction
poyoble
poyment
roland
rounds
requved
payme't
unft
_description
or6er
valued
webstte
1cmarges
totas
acronis
acronls
remrence
receigt
nvoiced
init
desuiption
subsaiption
proce
in'ice
subtotvl
whebsitr
invotced
cltarge
subtote

